------------------------------------------------------------
Timing Analyzer Summary
------------------------------------------------------------

Type  : Slow 1200mV 85C Model Setup 'KEY'
Slack : -3.447
TNS   : -46.951

Type  : Slow 1200mV 85C Model Setup 'CLK'
Slack : 0.156
TNS   : 0.000

Type  : Slow 1200mV 85C Model Hold 'CLK'
Slack : 0.440
TNS   : 0.000

Type  : Slow 1200mV 85C Model Hold 'KEY'
Slack : 0.519
TNS   : 0.000

Type  : Slow 1200mV 85C Model Recovery 'CLK'
Slack : -1.517
TNS   : -3.034

Type  : Slow 1200mV 85C Model Removal 'CLK'
Slack : 1.348
TNS   : 0.000

Type  : Slow 1200mV 85C Model Minimum Pulse Width 'KEY'
Slack : -3.000
TNS   : -23.560

Type  : Slow 1200mV 85C Model Minimum Pulse Width 'CLK'
Slack : -3.000
TNS   : -5.570

Type  : Slow 1200mV 0C Model Setup 'KEY'
Slack : -3.099
TNS   : -41.829

Type  : Slow 1200mV 0C Model Setup 'CLK'
Slack : 0.243
TNS   : 0.000

Type  : Slow 1200mV 0C Model Hold 'CLK'
Slack : 0.387
TNS   : 0.000

Type  : Slow 1200mV 0C Model Hold 'KEY'
Slack : 0.486
TNS   : 0.000

Type  : Slow 1200mV 0C Model Recovery 'CLK'
Slack : -1.289
TNS   : -2.578

Type  : Slow 1200mV 0C Model Removal 'CLK'
Slack : 1.358
TNS   : 0.000

Type  : Slow 1200mV 0C Model Minimum Pulse Width 'KEY'
Slack : -3.000
TNS   : -23.560

Type  : Slow 1200mV 0C Model Minimum Pulse Width 'CLK'
Slack : -3.000
TNS   : -5.570

Type  : Fast 1200mV 0C Model Setup 'KEY'
Slack : -1.125
TNS   : -14.233

Type  : Fast 1200mV 0C Model Setup 'CLK'
Slack : 0.596
TNS   : 0.000

Type  : Fast 1200mV 0C Model Hold 'CLK'
Slack : 0.201
TNS   : 0.000

Type  : Fast 1200mV 0C Model Hold 'KEY'
Slack : 0.220
TNS   : 0.000

Type  : Fast 1200mV 0C Model Recovery 'CLK'
Slack : -0.912
TNS   : -1.824

Type  : Fast 1200mV 0C Model Removal 'CLK'
Slack : 0.443
TNS   : 0.000

Type  : Fast 1200mV 0C Model Minimum Pulse Width 'KEY'
Slack : -3.000
TNS   : -20.575

Type  : Fast 1200mV 0C Model Minimum Pulse Width 'CLK'
Slack : -3.000
TNS   : -5.000

------------------------------------------------------------
