------------------------------------------------------------
Timing Analyzer Summary
------------------------------------------------------------

Type  : Slow 1200mV 85C Model Setup 'KEY'
Slack : -1.747
TNS   : -15.945

Type  : Slow 1200mV 85C Model Setup 'CLK'
Slack : 0.156
TNS   : 0.000

Type  : Slow 1200mV 85C Model Hold 'CLK'
Slack : 0.440
TNS   : 0.000

Type  : Slow 1200mV 85C Model Hold 'KEY'
Slack : 0.606
TNS   : 0.000

Type  : Slow 1200mV 85C Model Recovery 'CLK'
Slack : -1.521
TNS   : -3.042

Type  : Slow 1200mV 85C Model Removal 'CLK'
Slack : 1.352
TNS   : 0.000

Type  : Slow 1200mV 85C Model Minimum Pulse Width 'KEY'
Slack : -3.000
TNS   : -23.560

Type  : Slow 1200mV 85C Model Minimum Pulse Width 'CLK'
Slack : -3.000
TNS   : -5.570

Type  : Slow 1200mV 0C Model Setup 'KEY'
Slack : -1.507
TNS   : -12.790

Type  : Slow 1200mV 0C Model Setup 'CLK'
Slack : 0.243
TNS   : 0.000

Type  : Slow 1200mV 0C Model Hold 'CLK'
Slack : 0.387
TNS   : 0.000

Type  : Slow 1200mV 0C Model Hold 'KEY'
Slack : 0.552
TNS   : 0.000

Type  : Slow 1200mV 0C Model Recovery 'CLK'
Slack : -1.292
TNS   : -2.584

Type  : Slow 1200mV 0C Model Removal 'CLK'
Slack : 1.361
TNS   : 0.000

Type  : Slow 1200mV 0C Model Minimum Pulse Width 'KEY'
Slack : -3.000
TNS   : -23.560

Type  : Slow 1200mV 0C Model Minimum Pulse Width 'CLK'
Slack : -3.000
TNS   : -5.570

Type  : Fast 1200mV 0C Model Setup 'KEY'
Slack : -0.324
TNS   : -1.813

Type  : Fast 1200mV 0C Model Setup 'CLK'
Slack : 0.596
TNS   : 0.000

Type  : Fast 1200mV 0C Model Hold 'CLK'
Slack : 0.201
TNS   : 0.000

Type  : Fast 1200mV 0C Model Hold 'KEY'
Slack : 0.275
TNS   : 0.000

Type  : Fast 1200mV 0C Model Recovery 'CLK'
Slack : -0.914
TNS   : -1.828

Type  : Fast 1200mV 0C Model Removal 'CLK'
Slack : 0.445
TNS   : 0.000

Type  : Fast 1200mV 0C Model Minimum Pulse Width 'KEY'
Slack : -3.000
TNS   : -20.664

Type  : Fast 1200mV 0C Model Minimum Pulse Width 'CLK'
Slack : -3.000
TNS   : -5.000

------------------------------------------------------------
